// Jest Snapshot v1, https://goo.gl/fbAQLP

exports[`Tests GifGrid Component should match the snapshot 1`] = `
<Fragment>
  <h3>
    Hello world
  </h3>
  <p
    className="animate__animated animate__flash"
  >
    Loading
  </p>
  <div
    className="card-grid"
  />
</Fragment>
`;
